== IMG AUDIT ==
[view] total: 433
[view] image_url NULL: 33
----
[events] total: 811
[events] image_url NULL: 239
[events] image_url NULL but has image_storage_path: 0
[events] image_url NULL but has image_url_original: 0
----
== SAMPLE (view missing image_url) ==
{
  id: 'e5ade5a9-0e88-4952-a52a-bda51a4d2e3e',
  title: 'TREO, ENIS & EN TILL spelar på Stjärnkalaset kl 12.00',
  city: 'Stjärnkalaset',
  source_id: '93e572d2-1e1e-4305-9801-806dfe37f3c1',
  start_at: '2026-01-19T23:00:00+00:00',
  source_url: 'https://calendar.google.com/calendar/ical/fb3cjp9t25otu2kmr41hqtmukc@group.calendar.google.com/public/basic.ics'
}
{
  id: 'c25ec65b-46b7-4a3f-a58a-21217bb04755',
  title: 'TREO, ENIS & EN TILL spelar på Stjärnkalaset kl 12.00',
  city: 'Stjärnkalaset',
  source_id: '93e572d2-1e1e-4305-9801-806dfe37f3c1',
  start_at: '2026-01-20T00:00:00+00:00',
  source_url: 'https://calendar.google.com/calendar/ical/fb3cjp9t25otu2kmr41hqtmukc@group.calendar.google.com/public/basic.ics'
}
{
  id: 'bdfac0a2-42e7-4808-85f5-c4004b1bfe98',
  title: 'Museer & konsthallar',
  city: 'Stockholm',
  source_id: '7168c41b-3163-4bf8-9ddb-c1669a14b8f5',
  start_at: '2026-01-22T12:00:00+00:00',
  source_url: 'https://www.barnistan.se/museer/'
}
{
  id: '7443e5d9-0a6c-4e44-a9ea-a8209acade1f',
  title: 'Museer & konsthallar',
  city: 'Malmö',
  source_id: '0105cebe-36fc-44c4-87a4-3be32f07d2dd',
  start_at: '2026-01-22T12:00:00+00:00',
  source_url: 'https://www.barnistan.se/museer/'
}
{
  id: 'bea73b33-04ef-4143-87f7-33e48ff95ac2',
  title: 'Museer & konsthallar',
  city: 'Göteborg',
  source_id: '7c1bffda-58a4-448d-9f7e-c21c6cdfeb8f',
  start_at: '2026-01-22T12:00:00+00:00',
  source_url: 'https://www.barnistan.se/museer/'
}
{
  id: '8ee1909f-9f59-420d-8e66-627c6613c1ab',
  title: 'TREO, ENIS & EN TILL - Kulturmagasinet, Sundsvall',
  city: 'Sundsvall',
  source_id: '93e572d2-1e1e-4305-9801-806dfe37f3c1',
  start_at: '2026-01-29T23:00:00+00:00',
  source_url: 'https://calendar.google.com/calendar/ical/fb3cjp9t25otu2kmr41hqtmukc@group.calendar.google.com/public/basic.ics'
}
{
  id: '52b78b53-e21c-463f-8ef3-75a3d0674b95',
  title: 'TREO, ENIS & EN TILL - Kulturmagasinet, Sundsvall',
  city: 'Sundsvall',
  source_id: '93e572d2-1e1e-4305-9801-806dfe37f3c1',
  start_at: '2026-01-30T00:00:00+00:00',
  source_url: 'https://calendar.google.com/calendar/ical/fb3cjp9t25otu2kmr41hqtmukc@group.calendar.google.com/public/basic.ics'
}
{
  id: 'cb09cdae-3a13-480c-abd3-182f6d8e3070',
  title: 'TREO, ENIS & EN TILL - Vallentuna kulturhus',
  city: 'Vallentuna',
  source_id: '93e572d2-1e1e-4305-9801-806dfe37f3c1',
  start_at: '2026-02-06T23:00:00+00:00',
  source_url: 'https://calendar.google.com/calendar/ical/fb3cjp9t25otu2kmr41hqtmukc@group.calendar.google.com/public/basic.ics'
}
{
  id: 'bd02d5a1-baf5-4cba-be94-1936aa95c4aa',
  title: 'TREO, ENIS & EN TILL - Vallentuna kulturhus',
  city: 'Vallentuna',
  source_id: '93e572d2-1e1e-4305-9801-806dfe37f3c1',
  start_at: '2026-02-07T00:00:00+00:00',
  source_url: 'https://calendar.google.com/calendar/ical/fb3cjp9t25otu2kmr41hqtmukc@group.calendar.google.com/public/basic.ics'
}
{
  id: '6e4ec98b-4c04-4127-81b5-5dc93e276cb0',
  title: 'I SKYMNINGSLANDET - Skattungbyn',
  city: 'Skattungbyn',
  source_id: '93e572d2-1e1e-4305-9801-806dfe37f3c1',
  start_at: '2026-02-07T23:00:00+00:00',
  source_url: 'https://calendar.google.com/calendar/ical/fb3cjp9t25otu2kmr41hqtmukc@group.calendar.google.com/public/basic.ics'
}
----
== SAMPLE (events missing image_url) ==
{
  id: 'a8efd3c7-f374-4d89-b68d-e803e65af57d',
  title: 'barnvisning: tidsresa till forntiden',
  source_id: null,
  start_at: '2026-01-17T12:00:00+00:00',
  source_url: 'https://www.tickster.com/se/sv/events/in/stockholm',
  image_storage_path: null,
  image_url_original: null,
  image_cached_at: null
}
{
  id: '3b14f7a6-db88-4ea4-b0b6-7b199e32d1fa',
  title: 'skapande verkstad: hällristningar',
  source_id: null,
  start_at: '2026-01-17T12:00:00+00:00',
  source_url: 'https://www.tickster.com/se/sv/events/in/stockholm',
  image_storage_path: null,
  image_url_original: null,
  image_cached_at: null
}
{
  id: '2a6e46d2-362d-4ca0-9751-67afaa7d2874',
  title: 'peptalk',
  source_id: null,
  start_at: '2026-01-18T12:00:00+00:00',
  source_url: 'https://www.tickster.com/se/sv/events/in/stockholm',
  image_storage_path: null,
  image_url_original: null,
  image_cached_at: null
}
{
  id: '8143abb0-0e8d-4770-bc6f-a0be6b3cfb19',
  title: 'exil i hello kitty city',
  source_id: null,
  start_at: '2026-01-18T12:00:00+00:00',
  source_url: 'https://www.tickster.com/se/sv/events/in/stockholm',
  image_storage_path: null,
  image_url_original: null,
  image_cached_at: null
}
{
  id: '821bd8a8-d1ac-4642-8345-6da848b7bab9',
  title: 'nyårskonsert med stockholms musikkår tre kronor',
  source_id: null,
  start_at: '2026-01-18T12:00:00+00:00',
  source_url: 'https://www.tickster.com/se/sv/events/in/stockholm',
  image_storage_path: null,
  image_url_original: null,
  image_cached_at: null
}
{
  id: '92a92c05-95e8-46b6-8f80-6ba4c8e1b0a9',
  title: 'peptalk',
  source_id: null,
  start_at: '2026-01-18T12:00:00+00:00',
  source_url: 'https://www.tickster.com/se/sv/events/in/stockholm',
  image_storage_path: null,
  image_url_original: null,
  image_cached_at: null
}
{
  id: '24956e0f-fef8-4678-9a50-05ac05271d43',
  title: 'eriks och elisabeths semester',
  source_id: null,
  start_at: '2026-01-18T12:00:00+00:00',
  source_url: 'https://www.tickster.com/se/sv/events/in/stockholm',
  image_storage_path: null,
  image_url_original: null,
  image_cached_at: null
}
{
  id: '4b302ce7-7a0e-4380-bf52-304416ee854c',
  title: 'skapa din egen sagofågel!',
  source_id: null,
  start_at: '2026-01-18T12:00:00+00:00',
  source_url: 'https://www.tickster.com/se/sv/events/in/stockholm',
  image_storage_path: null,
  image_url_original: null,
  image_cached_at: null
}
{
  id: '57e5be35-1e8e-43ff-a020-8fd7da13dd4c',
  title: 'exil i hello kitty city',
  source_id: null,
  start_at: '2026-01-19T12:00:00+00:00',
  source_url: 'https://www.tickster.com/se/sv/events/in/stockholm',
  image_storage_path: null,
  image_url_original: null,
  image_cached_at: null
}
{
  id: 'e5ade5a9-0e88-4952-a52a-bda51a4d2e3e',
  title: 'TREO, ENIS & EN TILL spelar på Stjärnkalaset kl 12.00',
  source_id: '93e572d2-1e1e-4305-9801-806dfe37f3c1',
  start_at: '2026-01-19T23:00:00+00:00',
  source_url: 'https://calendar.google.com/calendar/ical/fb3cjp9t25otu2kmr41hqtmukc@group.calendar.google.com/public/basic.ics',
  image_storage_path: null,
  image_url_original: null,
  image_cached_at: null
}
