== IMG AUDIT ==
[view] total: 2971
[view] image_url NULL: 2407
----
[events] total: 3368
[events] image_url NULL: 2632
[events] image_url NULL but has image_storage_path: 0
[events] image_url NULL but has image_url_original: 0
----
== SAMPLE (view missing image_url) ==
{
  id: '46772a75-5739-4cd0-a752-13a89615bd34',
  title: 'Solna Dollans dagis',
  city: 'Solna',
  source_id: '93e572d2-1e1e-4305-9801-806dfe37f3c1',
  start_at: '2013-01-16T23:00:00+00:00',
  source_url: 'https://calendar.google.com/calendar/ical/fb3cjp9t25otu2kmr41hqtmukc@group.calendar.google.com/public/basic.ics'
}
{
  id: 'f5ac0d43-b1a5-4c43-8749-2a694972efbc',
  title: 'Solna Dollans dagis',
  city: 'Solna',
  source_id: '93e572d2-1e1e-4305-9801-806dfe37f3c1',
  start_at: '2013-01-17T00:00:00+00:00',
  source_url: 'https://calendar.google.com/calendar/ical/fb3cjp9t25otu2kmr41hqtmukc@group.calendar.google.com/public/basic.ics'
}
{
  id: '11baad1d-b09d-4e9c-b654-57aa1fba308e',
  title: 'Västerås Min Nattresa',
  city: 'Västerås',
  source_id: '93e572d2-1e1e-4305-9801-806dfe37f3c1',
  start_at: '2013-01-18T23:00:00+00:00',
  source_url: 'https://calendar.google.com/calendar/ical/fb3cjp9t25otu2kmr41hqtmukc@group.calendar.google.com/public/basic.ics'
}
{
  id: 'ffaee20d-b59d-49d9-9998-e54b1af1b761',
  title: 'Birkagården Pimpa',
  city: 'Birkagården',
  source_id: '93e572d2-1e1e-4305-9801-806dfe37f3c1',
  start_at: '2013-01-18T23:00:00+00:00',
  source_url: 'https://calendar.google.com/calendar/ical/fb3cjp9t25otu2kmr41hqtmukc@group.calendar.google.com/public/basic.ics'
}
{
  id: 'b16a820a-9714-4226-ae5f-6b4d6bf7c8f8',
  title: 'Birkagården Pimpa',
  city: 'Birkagården',
  source_id: '93e572d2-1e1e-4305-9801-806dfe37f3c1',
  start_at: '2013-01-19T00:00:00+00:00',
  source_url: 'https://calendar.google.com/calendar/ical/fb3cjp9t25otu2kmr41hqtmukc@group.calendar.google.com/public/basic.ics'
}
{
  id: 'e39a041f-88a0-447c-a74e-fc8ae1b28a3f',
  title: 'Västerås Min Nattresa',
  city: 'Västerås',
  source_id: '93e572d2-1e1e-4305-9801-806dfe37f3c1',
  start_at: '2013-01-19T00:00:00+00:00',
  source_url: 'https://calendar.google.com/calendar/ical/fb3cjp9t25otu2kmr41hqtmukc@group.calendar.google.com/public/basic.ics'
}
{
  id: 'b3c2bd9f-0bf1-4c38-8dda-d6cc3e6b7158',
  title: 'Fagersta Dollans dagis',
  city: 'Fagersta',
  source_id: '93e572d2-1e1e-4305-9801-806dfe37f3c1',
  start_at: '2013-01-26T23:00:00+00:00',
  source_url: 'https://calendar.google.com/calendar/ical/fb3cjp9t25otu2kmr41hqtmukc@group.calendar.google.com/public/basic.ics'
}
{
  id: '44bd98c6-5089-4b21-93bf-056ca4d14832',
  title: 'Fagersta Dollans dagis',
  city: 'Fagersta',
  source_id: '93e572d2-1e1e-4305-9801-806dfe37f3c1',
  start_at: '2013-01-27T00:00:00+00:00',
  source_url: 'https://calendar.google.com/calendar/ical/fb3cjp9t25otu2kmr41hqtmukc@group.calendar.google.com/public/basic.ics'
}
{
  id: '95534614-3ee3-465c-8cbd-7cfe96a32826',
  title: 'Vasastan Dollans dagis',
  city: 'Vasastan',
  source_id: '93e572d2-1e1e-4305-9801-806dfe37f3c1',
  start_at: '2013-02-05T23:00:00+00:00',
  source_url: 'https://calendar.google.com/calendar/ical/fb3cjp9t25otu2kmr41hqtmukc@group.calendar.google.com/public/basic.ics'
}
{
  id: 'd5ef62d8-2f82-4169-9eb0-0b1175ee366f',
  title: 'Vasastan Dollans dagis',
  city: 'Vasastan',
  source_id: '93e572d2-1e1e-4305-9801-806dfe37f3c1',
  start_at: '2013-02-06T00:00:00+00:00',
  source_url: 'https://calendar.google.com/calendar/ical/fb3cjp9t25otu2kmr41hqtmukc@group.calendar.google.com/public/basic.ics'
}
----
== SAMPLE (events missing image_url) ==
{
  id: '46772a75-5739-4cd0-a752-13a89615bd34',
  title: 'Solna Dollans dagis',
  source_id: '93e572d2-1e1e-4305-9801-806dfe37f3c1',
  start_at: '2013-01-16T23:00:00+00:00',
  source_url: 'https://calendar.google.com/calendar/ical/fb3cjp9t25otu2kmr41hqtmukc@group.calendar.google.com/public/basic.ics',
  image_storage_path: null,
  image_url_original: null,
  image_cached_at: null
}
{
  id: 'f5ac0d43-b1a5-4c43-8749-2a694972efbc',
  title: 'Solna Dollans dagis',
  source_id: '93e572d2-1e1e-4305-9801-806dfe37f3c1',
  start_at: '2013-01-17T00:00:00+00:00',
  source_url: 'https://calendar.google.com/calendar/ical/fb3cjp9t25otu2kmr41hqtmukc@group.calendar.google.com/public/basic.ics',
  image_storage_path: null,
  image_url_original: null,
  image_cached_at: null
}
{
  id: '11baad1d-b09d-4e9c-b654-57aa1fba308e',
  title: 'Västerås Min Nattresa',
  source_id: '93e572d2-1e1e-4305-9801-806dfe37f3c1',
  start_at: '2013-01-18T23:00:00+00:00',
  source_url: 'https://calendar.google.com/calendar/ical/fb3cjp9t25otu2kmr41hqtmukc@group.calendar.google.com/public/basic.ics',
  image_storage_path: null,
  image_url_original: null,
  image_cached_at: null
}
{
  id: 'ffaee20d-b59d-49d9-9998-e54b1af1b761',
  title: 'Birkagården Pimpa',
  source_id: '93e572d2-1e1e-4305-9801-806dfe37f3c1',
  start_at: '2013-01-18T23:00:00+00:00',
  source_url: 'https://calendar.google.com/calendar/ical/fb3cjp9t25otu2kmr41hqtmukc@group.calendar.google.com/public/basic.ics',
  image_storage_path: null,
  image_url_original: null,
  image_cached_at: null
}
{
  id: 'b16a820a-9714-4226-ae5f-6b4d6bf7c8f8',
  title: 'Birkagården Pimpa',
  source_id: '93e572d2-1e1e-4305-9801-806dfe37f3c1',
  start_at: '2013-01-19T00:00:00+00:00',
  source_url: 'https://calendar.google.com/calendar/ical/fb3cjp9t25otu2kmr41hqtmukc@group.calendar.google.com/public/basic.ics',
  image_storage_path: null,
  image_url_original: null,
  image_cached_at: null
}
{
  id: 'e39a041f-88a0-447c-a74e-fc8ae1b28a3f',
  title: 'Västerås Min Nattresa',
  source_id: '93e572d2-1e1e-4305-9801-806dfe37f3c1',
  start_at: '2013-01-19T00:00:00+00:00',
  source_url: 'https://calendar.google.com/calendar/ical/fb3cjp9t25otu2kmr41hqtmukc@group.calendar.google.com/public/basic.ics',
  image_storage_path: null,
  image_url_original: null,
  image_cached_at: null
}
{
  id: 'b3c2bd9f-0bf1-4c38-8dda-d6cc3e6b7158',
  title: 'Fagersta Dollans dagis',
  source_id: '93e572d2-1e1e-4305-9801-806dfe37f3c1',
  start_at: '2013-01-26T23:00:00+00:00',
  source_url: 'https://calendar.google.com/calendar/ical/fb3cjp9t25otu2kmr41hqtmukc@group.calendar.google.com/public/basic.ics',
  image_storage_path: null,
  image_url_original: null,
  image_cached_at: null
}
{
  id: '44bd98c6-5089-4b21-93bf-056ca4d14832',
  title: 'Fagersta Dollans dagis',
  source_id: '93e572d2-1e1e-4305-9801-806dfe37f3c1',
  start_at: '2013-01-27T00:00:00+00:00',
  source_url: 'https://calendar.google.com/calendar/ical/fb3cjp9t25otu2kmr41hqtmukc@group.calendar.google.com/public/basic.ics',
  image_storage_path: null,
  image_url_original: null,
  image_cached_at: null
}
{
  id: '95534614-3ee3-465c-8cbd-7cfe96a32826',
  title: 'Vasastan Dollans dagis',
  source_id: '93e572d2-1e1e-4305-9801-806dfe37f3c1',
  start_at: '2013-02-05T23:00:00+00:00',
  source_url: 'https://calendar.google.com/calendar/ical/fb3cjp9t25otu2kmr41hqtmukc@group.calendar.google.com/public/basic.ics',
  image_storage_path: null,
  image_url_original: null,
  image_cached_at: null
}
{
  id: 'd5ef62d8-2f82-4169-9eb0-0b1175ee366f',
  title: 'Vasastan Dollans dagis',
  source_id: '93e572d2-1e1e-4305-9801-806dfe37f3c1',
  start_at: '2013-02-06T00:00:00+00:00',
  source_url: 'https://calendar.google.com/calendar/ical/fb3cjp9t25otu2kmr41hqtmukc@group.calendar.google.com/public/basic.ics',
  image_storage_path: null,
  image_url_original: null,
  image_cached_at: null
}
